../Drivers/CMSIS/Include/core_cm3.h:1499:26:__NVIC_GetPriorityGrouping	4	static
../Drivers/CMSIS/Include/core_cm3.h:1511:22:__NVIC_EnableIRQ	16	static
../Drivers/CMSIS/Include/core_cm3.h:1639:22:__NVIC_SetPriority	16	static
../Drivers/CMSIS/Include/core_cm3.h:1686:26:NVIC_EncodePriority	40	static
../Core/Src/main.c:198:6:GPIOx_Init	16	static
../Core/Src/main.c:219:6:GPIO_WritePin	16	static
../Core/Src/main.c:224:9:GPIO_ReadPin	16	static
../Core/Src/main.c:228:6:GPIO_TogglePin	16	static
../Core/Src/main.c:237:6:NVICx_Init	32	static
../Core/Src/main.c:243:6:EXTIx_Init	32	static
../Core/Src/main.c:291:6:EXTI0_IRQHandler	16	static
../Core/Src/main.c:314:6:EXTI1_IRQHandler	16	static
../Core/Src/main.c:336:6:ADCx_Init	24	static
../Core/Src/main.c:381:10:ADCx_Read	16	static
../Core/Src/main.c:404:6:TIMx_Init	24	static
../Core/Src/main.c:424:6:TIM2_IRQHandler	8	static
../Core/Src/main.c:436:6:USARTx_Init	56	static
../Core/Src/main.c:484:6:USARTtoBUFF	16	static
../Core/Src/main.c:495:6:USARTx_GetC	24	static
../Core/Src/main.c:514:10:USARTx_isEMPTY	24	static
../Core/Src/main.c:525:10:USARTx_GetS	32	static
../Core/Src/main.c:544:6:USART1_IRQHandler	8	static
../Core/Src/main.c:551:6:USARTx_PutC	16	static
../Core/Src/main.c:558:6:USARTx_PutS	16	static
../Core/Src/main.c:569:7:calculatePPM	32	static
../Core/Src/main.c:579:6:sendPPM	16	static
../Core/Src/main.c:585:6:control_OUTPUT	16	static
../Core/Src/main.c:595:6:controlLED	24	static
../Core/Src/main.c:692:6:FlashEraseSector	40	static
../Core/Src/main.c:703:6:FlashWriteData	40	static
../Core/Src/main.c:712:6:FlashReadData	32	static
../Core/Src/main.c:718:6:saveRecordCount	16	static
../Core/Src/main.c:725:6:loadRecordCount	8	static
../Core/Src/main.c:728:6:resetSystem	8	static
../Core/Src/main.c:756:6:saveLogToFlash	64	static
../Core/Src/main.c:776:5:main	32	static
../Core/Src/main.c:924:6:SystemClock_Config	72	static
../Core/Src/main.c:964:13:MX_I2C1_Init	8	static
../Core/Src/main.c:1007:6:Error_Handler	4	static,ignoring_inline_asm
